// Jest Snapshot v1, https://goo.gl/fbAQLP

exports[`AdminPanel tests Snapshot matches renders 1`] = `
ShallowWrapper {
  Symbol(enzyme.__root__): [Circular],
  Symbol(enzyme.__unrendered__): <AdminPanel />,
  Symbol(enzyme.__renderer__): Object {
    "batchedUpdates": [Function],
    "getNode": [Function],
    "render": [Function],
    "simulateError": [Function],
    "simulateEvent": [Function],
    "unmount": [Function],
  },
  Symbol(enzyme.__node__): Object {
    "instance": null,
    "key": undefined,
    "nodeType": "host",
    "props": Object {
      "children": <form>
        <div
          form-group={true}
        >
          <input
            className="form-control"
            id="bookName"
            name="name"
            onChange="Lord of the Ring"
            placeholder="Nazwa książki"
            type="text"
          />
        </div>
        <div
          form-group={true}
        >
          <input
            className="form-control"
            id="bookAuthor"
            name="author"
            placeholder="Autor książki"
            type="text"
          />
        </div>
        <div
          form-group={true}
        >
          <textarea
            className="form-control"
            id="bookDescription"
            name="description"
            placeholder="Opis książki"
            type="text"
          />
        </div>
        <div
          form-group={true}
        >
          <input
            className="form-check-input"
            id="bookOnStock"
            name="bookOnStock"
            type="checkbox"
          />
        </div>
        <label
          className="form-check-label"
          htmlFor="bookOnStock"
        >
          Sprawdź dostępność
        </label>
        <div
          form-group={true}
        >
          <textarea
            className="form-control"
            id="bookImage"
            name="image"
            placeholder="Obrazek książki"
            type="text"
          />
        </div>
        <button
          className="btn btn-primary"
          type="submit"
        >
          Add
        </button>
      </form>,
      "className": "adminPanel col-lg-4",
    },
    "ref": null,
    "rendered": Object {
      "instance": null,
      "key": undefined,
      "nodeType": "host",
      "props": Object {
        "children": Array [
          <div
            form-group={true}
          >
            <input
              className="form-control"
              id="bookName"
              name="name"
              onChange="Lord of the Ring"
              placeholder="Nazwa książki"
              type="text"
            />
          </div>,
          <div
            form-group={true}
          >
            <input
              className="form-control"
              id="bookAuthor"
              name="author"
              placeholder="Autor książki"
              type="text"
            />
          </div>,
          <div
            form-group={true}
          >
            <textarea
              className="form-control"
              id="bookDescription"
              name="description"
              placeholder="Opis książki"
              type="text"
            />
          </div>,
          <div
            form-group={true}
          >
            <input
              className="form-check-input"
              id="bookOnStock"
              name="bookOnStock"
              type="checkbox"
            />
          </div>,
          <label
            className="form-check-label"
            htmlFor="bookOnStock"
          >
            Sprawdź dostępność
          </label>,
          <div
            form-group={true}
          >
            <textarea
              className="form-control"
              id="bookImage"
              name="image"
              placeholder="Obrazek książki"
              type="text"
            />
          </div>,
          <button
            className="btn btn-primary"
            type="submit"
          >
            Add
          </button>,
        ],
      },
      "ref": null,
      "rendered": Array [
        Object {
          "instance": null,
          "key": undefined,
          "nodeType": "host",
          "props": Object {
            "children": <input
              className="form-control"
              id="bookName"
              name="name"
              onChange="Lord of the Ring"
              placeholder="Nazwa książki"
              type="text"
            />,
            "form-group": true,
          },
          "ref": null,
          "rendered": Object {
            "instance": null,
            "key": undefined,
            "nodeType": "host",
            "props": Object {
              "className": "form-control",
              "id": "bookName",
              "name": "name",
              "onChange": "Lord of the Ring",
              "placeholder": "Nazwa książki",
              "type": "text",
            },
            "ref": null,
            "rendered": null,
            "type": "input",
          },
          "type": "div",
        },
        Object {
          "instance": null,
          "key": undefined,
          "nodeType": "host",
          "props": Object {
            "children": <input
              className="form-control"
              id="bookAuthor"
              name="author"
              placeholder="Autor książki"
              type="text"
            />,
            "form-group": true,
          },
          "ref": null,
          "rendered": Object {
            "instance": null,
            "key": undefined,
            "nodeType": "host",
            "props": Object {
              "className": "form-control",
              "id": "bookAuthor",
              "name": "author",
              "placeholder": "Autor książki",
              "type": "text",
            },
            "ref": null,
            "rendered": null,
            "type": "input",
          },
          "type": "div",
        },
        Object {
          "instance": null,
          "key": undefined,
          "nodeType": "host",
          "props": Object {
            "children": <textarea
              className="form-control"
              id="bookDescription"
              name="description"
              placeholder="Opis książki"
              type="text"
            />,
            "form-group": true,
          },
          "ref": null,
          "rendered": Object {
            "instance": null,
            "key": undefined,
            "nodeType": "host",
            "props": Object {
              "className": "form-control",
              "id": "bookDescription",
              "name": "description",
              "placeholder": "Opis książki",
              "type": "text",
            },
            "ref": null,
            "rendered": null,
            "type": "textarea",
          },
          "type": "div",
        },
        Object {
          "instance": null,
          "key": undefined,
          "nodeType": "host",
          "props": Object {
            "children": <input
              className="form-check-input"
              id="bookOnStock"
              name="bookOnStock"
              type="checkbox"
            />,
            "form-group": true,
          },
          "ref": null,
          "rendered": Object {
            "instance": null,
            "key": undefined,
            "nodeType": "host",
            "props": Object {
              "className": "form-check-input",
              "id": "bookOnStock",
              "name": "bookOnStock",
              "type": "checkbox",
            },
            "ref": null,
            "rendered": null,
            "type": "input",
          },
          "type": "div",
        },
        Object {
          "instance": null,
          "key": undefined,
          "nodeType": "host",
          "props": Object {
            "children": "Sprawdź dostępność",
            "className": "form-check-label",
            "htmlFor": "bookOnStock",
          },
          "ref": null,
          "rendered": "Sprawdź dostępność",
          "type": "label",
        },
        Object {
          "instance": null,
          "key": undefined,
          "nodeType": "host",
          "props": Object {
            "children": <textarea
              className="form-control"
              id="bookImage"
              name="image"
              placeholder="Obrazek książki"
              type="text"
            />,
            "form-group": true,
          },
          "ref": null,
          "rendered": Object {
            "instance": null,
            "key": undefined,
            "nodeType": "host",
            "props": Object {
              "className": "form-control",
              "id": "bookImage",
              "name": "image",
              "placeholder": "Obrazek książki",
              "type": "text",
            },
            "ref": null,
            "rendered": null,
            "type": "textarea",
          },
          "type": "div",
        },
        Object {
          "instance": null,
          "key": undefined,
          "nodeType": "host",
          "props": Object {
            "children": "Add",
            "className": "btn btn-primary",
            "type": "submit",
          },
          "ref": null,
          "rendered": "Add",
          "type": "button",
        },
      ],
      "type": "form",
    },
    "type": "div",
  },
  Symbol(enzyme.__nodes__): Array [
    Object {
      "instance": null,
      "key": undefined,
      "nodeType": "host",
      "props": Object {
        "children": <form>
          <div
            form-group={true}
          >
            <input
              className="form-control"
              id="bookName"
              name="name"
              onChange="Lord of the Ring"
              placeholder="Nazwa książki"
              type="text"
            />
          </div>
          <div
            form-group={true}
          >
            <input
              className="form-control"
              id="bookAuthor"
              name="author"
              placeholder="Autor książki"
              type="text"
            />
          </div>
          <div
            form-group={true}
          >
            <textarea
              className="form-control"
              id="bookDescription"
              name="description"
              placeholder="Opis książki"
              type="text"
            />
          </div>
          <div
            form-group={true}
          >
            <input
              className="form-check-input"
              id="bookOnStock"
              name="bookOnStock"
              type="checkbox"
            />
          </div>
          <label
            className="form-check-label"
            htmlFor="bookOnStock"
          >
            Sprawdź dostępność
          </label>
          <div
            form-group={true}
          >
            <textarea
              className="form-control"
              id="bookImage"
              name="image"
              placeholder="Obrazek książki"
              type="text"
            />
          </div>
          <button
            className="btn btn-primary"
            type="submit"
          >
            Add
          </button>
        </form>,
        "className": "adminPanel col-lg-4",
      },
      "ref": null,
      "rendered": Object {
        "instance": null,
        "key": undefined,
        "nodeType": "host",
        "props": Object {
          "children": Array [
            <div
              form-group={true}
            >
              <input
                className="form-control"
                id="bookName"
                name="name"
                onChange="Lord of the Ring"
                placeholder="Nazwa książki"
                type="text"
              />
            </div>,
            <div
              form-group={true}
            >
              <input
                className="form-control"
                id="bookAuthor"
                name="author"
                placeholder="Autor książki"
                type="text"
              />
            </div>,
            <div
              form-group={true}
            >
              <textarea
                className="form-control"
                id="bookDescription"
                name="description"
                placeholder="Opis książki"
                type="text"
              />
            </div>,
            <div
              form-group={true}
            >
              <input
                className="form-check-input"
                id="bookOnStock"
                name="bookOnStock"
                type="checkbox"
              />
            </div>,
            <label
              className="form-check-label"
              htmlFor="bookOnStock"
            >
              Sprawdź dostępność
            </label>,
            <div
              form-group={true}
            >
              <textarea
                className="form-control"
                id="bookImage"
                name="image"
                placeholder="Obrazek książki"
                type="text"
              />
            </div>,
            <button
              className="btn btn-primary"
              type="submit"
            >
              Add
            </button>,
          ],
        },
        "ref": null,
        "rendered": Array [
          Object {
            "instance": null,
            "key": undefined,
            "nodeType": "host",
            "props": Object {
              "children": <input
                className="form-control"
                id="bookName"
                name="name"
                onChange="Lord of the Ring"
                placeholder="Nazwa książki"
                type="text"
              />,
              "form-group": true,
            },
            "ref": null,
            "rendered": Object {
              "instance": null,
              "key": undefined,
              "nodeType": "host",
              "props": Object {
                "className": "form-control",
                "id": "bookName",
                "name": "name",
                "onChange": "Lord of the Ring",
                "placeholder": "Nazwa książki",
                "type": "text",
              },
              "ref": null,
              "rendered": null,
              "type": "input",
            },
            "type": "div",
          },
          Object {
            "instance": null,
            "key": undefined,
            "nodeType": "host",
            "props": Object {
              "children": <input
                className="form-control"
                id="bookAuthor"
                name="author"
                placeholder="Autor książki"
                type="text"
              />,
              "form-group": true,
            },
            "ref": null,
            "rendered": Object {
              "instance": null,
              "key": undefined,
              "nodeType": "host",
              "props": Object {
                "className": "form-control",
                "id": "bookAuthor",
                "name": "author",
                "placeholder": "Autor książki",
                "type": "text",
              },
              "ref": null,
              "rendered": null,
              "type": "input",
            },
            "type": "div",
          },
          Object {
            "instance": null,
            "key": undefined,
            "nodeType": "host",
            "props": Object {
              "children": <textarea
                className="form-control"
                id="bookDescription"
                name="description"
                placeholder="Opis książki"
                type="text"
              />,
              "form-group": true,
            },
            "ref": null,
            "rendered": Object {
              "instance": null,
              "key": undefined,
              "nodeType": "host",
              "props": Object {
                "className": "form-control",
                "id": "bookDescription",
                "name": "description",
                "placeholder": "Opis książki",
                "type": "text",
              },
              "ref": null,
              "rendered": null,
              "type": "textarea",
            },
            "type": "div",
          },
          Object {
            "instance": null,
            "key": undefined,
            "nodeType": "host",
            "props": Object {
              "children": <input
                className="form-check-input"
                id="bookOnStock"
                name="bookOnStock"
                type="checkbox"
              />,
              "form-group": true,
            },
            "ref": null,
            "rendered": Object {
              "instance": null,
              "key": undefined,
              "nodeType": "host",
              "props": Object {
                "className": "form-check-input",
                "id": "bookOnStock",
                "name": "bookOnStock",
                "type": "checkbox",
              },
              "ref": null,
              "rendered": null,
              "type": "input",
            },
            "type": "div",
          },
          Object {
            "instance": null,
            "key": undefined,
            "nodeType": "host",
            "props": Object {
              "children": "Sprawdź dostępność",
              "className": "form-check-label",
              "htmlFor": "bookOnStock",
            },
            "ref": null,
            "rendered": "Sprawdź dostępność",
            "type": "label",
          },
          Object {
            "instance": null,
            "key": undefined,
            "nodeType": "host",
            "props": Object {
              "children": <textarea
                className="form-control"
                id="bookImage"
                name="image"
                placeholder="Obrazek książki"
                type="text"
              />,
              "form-group": true,
            },
            "ref": null,
            "rendered": Object {
              "instance": null,
              "key": undefined,
              "nodeType": "host",
              "props": Object {
                "className": "form-control",
                "id": "bookImage",
                "name": "image",
                "placeholder": "Obrazek książki",
                "type": "text",
              },
              "ref": null,
              "rendered": null,
              "type": "textarea",
            },
            "type": "div",
          },
          Object {
            "instance": null,
            "key": undefined,
            "nodeType": "host",
            "props": Object {
              "children": "Add",
              "className": "btn btn-primary",
              "type": "submit",
            },
            "ref": null,
            "rendered": "Add",
            "type": "button",
          },
        ],
        "type": "form",
      },
      "type": "div",
    },
  ],
  Symbol(enzyme.__options__): Object {
    "adapter": ReactSixteenAdapter {
      "options": Object {
        "enableComponentDidUpdateOnSetState": true,
        "lifecycles": Object {
          "componentDidUpdate": Object {
            "onSetState": true,
          },
          "getDerivedStateFromProps": true,
          "getSnapshotBeforeUpdate": true,
          "setState": Object {
            "skipsComponentDidUpdateOnNullish": true,
          },
        },
      },
    },
  },
}
`;
